<html>
<body>
<pre>
<h1>µVision Build Log</h1>
<h2>Tool Versions:</h2>
IDE-Version: µVision V5.31.0.0
Copyright (C) 2020 ARM Ltd and ARM Germany GmbH. All rights reserved.
License Information: Cristian Salazar, Winaytec, LIC=SDAQD-8W2G7-PZKWB-24UT4-5SI4X-JJYU9
 
Tool Versions:
Toolchain:       MDK-ARM Plus  Version: 5.31.0.0
Toolchain Path:  C:\Keil_v5\ARM\ARMCLANG\Bin
C Compiler:      ArmClang.exe V6.14
Assembler:       Armasm.exe V6.14
Linker/Locator:  ArmLink.exe V6.14
Library Manager: ArmAr.exe V6.14
Hex Converter:   FromElf.exe V6.14
CPU DLL:         SARMCM3.DLL V5.31.0.0
Dialog DLL:      DCM.DLL V1.17.3.0
Target DLL:      STLink\ST-LINKIII-KEIL_SWO.dll V3.0.7.0
Dialog DLL:      TCM.DLL V1.46.0.0
 
<h2>Project:</h2>
D:\Cristian\ContaminacionCbba\Codigo\LoraNetwork\End_Node_2\MDK-ARM\LoRaWAN_End_Node.uvprojx
Project File Date:  07/12/2022

<h2>Output:</h2>
*** Using Compiler 'V6.14', folder: 'C:\Keil_v5\ARM\ARMCLANG\Bin'
Rebuild target 'LoRaWAN_End_Node'
assembling startup_stm32wl55xx_cm4.s...
compiling gpio.c...
compiling adc_if.c...
compiling dma.c...
compiling sys_debug.c...
compiling adc.c...
compiling sys_sensors.c...
compiling sys_app.c...
compiling stm32_lpm_if.c...
compiling main.c...
compiling timer_if.c...
compiling usart_if.c...
compiling subghz.c...
compiling rtc.c...
compiling stm32wlxx_hal_msp.c...
compiling stm32wlxx_it.c...
compiling usart.c...
compiling Arduino.c...
compiling flash_if.c...
compiling PM.c...
compiling O3.c...
compiling SENSORS.c...
compiling app_lorawan.c...
compiling CayenneLpp.c...
compiling lora_info.c...
compiling SHT20.c...
compiling SO2.c...
compiling radio_board_if.c...
compiling stm32wlxx_ll_adc.c...
compiling stm32wlxx_nucleo.c...
compiling stm32wlxx_nucleo_radio.c...
compiling lora_app.c...
compiling stm32wlxx_hal_adc_ex.c...
compiling stm32wlxx_hal_adc.c...
compiling stm32wlxx_hal_flash.c...
compiling stm32wlxx_hal_gpio.c...
compiling stm32wlxx_hal_dma_ex.c...
compiling stm32wlxx_hal_pwr.c...
compiling stm32wlxx_hal_rcc_ex.c...
compiling stm32wlxx_hal_flash_ex.c...
compiling stm32wlxx_hal_rcc.c...
compiling stm32wlxx_hal_dma.c...
compiling stm32wlxx_hal_cortex.c...
compiling stm32wlxx_hal_pwr_ex.c...
compiling stm32wlxx_hal_exti.c...
compiling stm32wlxx_hal.c...
compiling stm32wlxx_hal_tim.c...
compiling stm32wlxx_hal_tim_ex.c...
compiling stm32wlxx_hal_rtc.c...
compiling stm32wlxx_hal_uart_ex.c...
compiling stm32wlxx_hal_subghz.c...
compiling stm32wlxx_hal_rtc_ex.c...
compiling stm32wlxx_hal_i2c_ex.c...
compiling cmac.c...
compiling system_stm32wlxx.c...
compiling lorawan_aes.c...
compiling RegionAS923.c...
compiling Region.c...
compiling RegionAU915.c...
compiling LmhpCompliance.c...
compiling soft-se.c...
compiling stm32wlxx_hal_uart.c...
compiling RegionBaseUS.c...
compiling RegionCN470.c...
compiling RegionCN470A20.c...
compiling stm32wlxx_hal_i2c.c...
compiling RegionCN470B26.c...
compiling RegionCN470A26.c...
compiling RegionCN470B20.c...
compiling RegionCN779.c...
compiling RegionEU433.c...
compiling stm32wlxx_hal_spi.c...
compiling RegionCommon.c...
compiling RegionKR920.c...
compiling RegionEU868.c...
compiling RegionIN865.c...
compiling RegionRU864.c...
compiling LoRaMacAdr.c...
compiling LoRaMacCommands.c...
compiling LoRaMacConfirmQueue.c...
compiling LoRaMacClassB.c...
compiling RegionUS915.c...
compiling LoRaMacParser.c...
compiling LoRaMacSerializer.c...
compiling NvmDataMgmt.c...
compiling LoRaMacCrypto.c...
compiling utilities.c...
compiling stm32_mem.c...
compiling LmHandler.c...
compiling stm32_adv_trace.c...
compiling stm32_systime.c...
compiling stm32_tiny_vsnprintf.c...
compiling stm32_seq.c...
compiling stm32_tiny_sscanf.c...
compiling radio_fw.c...
compiling stm32_timer.c...
compiling stm32_lpm.c...
compiling LoRaMac.c...
compiling radio_driver.c...
compiling radio.c...
linking...
Program Size: Code=64576 RO-data=2756 RW-data=320 ZI-data=39536  
FromELF: creating hex file...
"LoRaWAN_End_Node\LoRaWAN_End_Node.axf" - 0 Error(s), 0 Warning(s).

<h2>Software Packages used:</h2>

Package Vendor: ARM
                http://www.keil.com/pack/ARM.CMSIS.5.8.0.pack
                ARM.CMSIS.5.8.0
                CMSIS (Common Microcontroller Software Interface Standard)
   * Component: CORE Version: 5.5.0

Package Vendor: Keil
                http://www.keil.com/pack/Keil.STM32WLxx_DFP.1.1.0.pack
                Keil.STM32WLxx_DFP.1.1.0
                STMicroelectronics STM32WL Series Device Support

<h2>Collection of Component include folders:</h2>
  .\RTE\_LoRaWAN_End_Node
  C:\Users\crist\AppData\Local\Arm\Packs\ARM\CMSIS\5.8.0\CMSIS\Core\Include
  C:\Users\crist\AppData\Local\Arm\Packs\Keil\STM32WLxx_DFP\1.1.0\Drivers\CMSIS\Device\ST\STM32WLxx\Include

<h2>Collection of Component Files used:</h2>

   * Component: ARM::CMSIS:CORE:5.5.0
      Include file:  CMSIS\Core\Include\tz_context.h
Build Time Elapsed:  00:00:07
</pre>
</body>
</html>
